// Jest Snapshot v1, https://goo.gl/fbAQLP

exports[`source-maps build should generate the expected files 1`] = `
Object {
  "index.html": 
<!DOCTYPE html>
<html>
  <head>
    <meta charset="UTF-8">
    <title>
      hello-world
    </title>
    <meta name="viewport"
          content="width=device-width, initial-scale=1"
    >
    <link data-chunk="main"
          rel="preload"
          as="script"
          href="http://localhost:4005/runtime-51ac42d749c5e3b8f29e.js"
          crossorigin="anonymous"
    >
    <link data-chunk="main"
          rel="preload"
          as="script"
          href="http://localhost:4005/vendors~main-161bbc240285d8da0af7.js"
          crossorigin="anonymous"
    >
    <link data-chunk="main"
          rel="preload"
          as="script"
          href="http://localhost:4005/main-dcc462d8b83533514a15.js"
          crossorigin="anonymous"
    >
  </head>
  <body>
    <div id="app">
      <div data-reactroot>
        Hello source maps
      </div>
    </div>
    <script id="__LOADABLE_REQUIRED_CHUNKS__"
            type="application/json"
            crossorigin="anonymous"
    >
      []
    </script>
    <script async
            data-chunk="main"
            src="http://localhost:4005/runtime-51ac42d749c5e3b8f29e.js"
            crossorigin="anonymous"
    >
    </script>
    <script async
            data-chunk="main"
            src="http://localhost:4005/vendors~main-161bbc240285d8da0af7.js"
            crossorigin="anonymous"
    >
    </script>
    <script async
            data-chunk="main"
            src="http://localhost:4005/main-dcc462d8b83533514a15.js"
            crossorigin="anonymous"
    >
    </script>
  </body>
</html>
,
  "main-dcc462d8b83533514a15.js": "CONTENTS IGNORED IN SNAPSHOT TEST",
  "main-dcc462d8b83533514a15.js.map": "CONTENTS IGNORED IN SNAPSHOT TEST",
  "runtime-51ac42d749c5e3b8f29e.js": "CONTENTS IGNORED IN SNAPSHOT TEST",
  "runtime-51ac42d749c5e3b8f29e.js.map": "CONTENTS IGNORED IN SNAPSHOT TEST",
  "vendors~main-161bbc240285d8da0af7.js": "CONTENTS IGNORED IN SNAPSHOT TEST",
  "vendors~main-161bbc240285d8da0af7.js.map": "CONTENTS IGNORED IN SNAPSHOT TEST",
}
`;
