// Jest Snapshot v1, https://goo.gl/fbAQLP

exports[`multiple-routes build should create valid app 1`] = `
SOURCE HTML: 
<!DOCTYPE html>
<html>
  <head>
    <meta charset="UTF-8">
    <title>
      hello-world
    </title>
    <meta name="viewport"
          content="width=device-width, initial-scale=1"
    >
    <link data-chunk="handlers-Home"
          rel="stylesheet"
          href="http://localhost:4004/handlers-Home-62bf94bf0fd2ba3c2aa2.css"
    >
    <link data-chunk="main"
          rel="preload"
          as="script"
          href="http://localhost:4004/runtime-92908dccb207abf49a7b.js"
          crossorigin="anonymous"
    >
    <link data-chunk="main"
          rel="preload"
          as="script"
          href="http://localhost:4004/vendors~main-06454d5d94717ad1d4f0.js"
          crossorigin="anonymous"
    >
    <link data-chunk="main"
          rel="preload"
          as="script"
          href="http://localhost:4004/main-18b72d516acb4a510ccc.js"
          crossorigin="anonymous"
    >
    <link data-chunk="handlers-Home"
          rel="preload"
          as="script"
          href="http://localhost:4004/handlers-Home-7c924ffe515bf8491cca.js"
          crossorigin="anonymous"
    >
  </head>
  <body>
    <div id="app">
      <h1 class="_1QX0Hyt">
        Welcome to the Home page -
        au
      </h1>
    </div>
    <script>
      window.__SKU_CLIENT_CONTEXT__ = {"site":"au"};
    </script>
    <script id="__LOADABLE_REQUIRED_CHUNKS__"
            type="application/json"
            crossorigin="anonymous"
    >
      [2]
    </script>
    <script async
            data-chunk="main"
            src="http://localhost:4004/runtime-92908dccb207abf49a7b.js"
            crossorigin="anonymous"
    >
    </script>
    <script async
            data-chunk="main"
            src="http://localhost:4004/vendors~main-06454d5d94717ad1d4f0.js"
            crossorigin="anonymous"
    >
    </script>
    <script async
            data-chunk="main"
            src="http://localhost:4004/main-18b72d516acb4a510ccc.js"
            crossorigin="anonymous"
    >
    </script>
    <script async
            data-chunk="handlers-Home"
            src="http://localhost:4004/handlers-Home-7c924ffe515bf8491cca.js"
            crossorigin="anonymous"
    >
    </script>
  </body>
</html>

POST HYDRATE DIFFS: NO DIFF
`;

exports[`multiple-routes build should generate the expected files 1`] = `
Object {
  "AsyncComponent-30506b11de8eab176614.js": "CONTENTS IGNORED IN SNAPSHOT TEST",
  "AsyncComponent.render.js": "CONTENTS IGNORED IN SNAPSHOT TEST",
  "handlers-Details-0e82719ea3ab71aafb06.css": ._91MnZhe {
  color: #00f;
}
,
  "handlers-Details-71e494876acf728e6771.js": "CONTENTS IGNORED IN SNAPSHOT TEST",
  "handlers-Details.render.js": "CONTENTS IGNORED IN SNAPSHOT TEST",
  "handlers-Home-62bf94bf0fd2ba3c2aa2.css": ._1QX0Hyt {
  color: red;
}
,
  "handlers-Home-7c924ffe515bf8491cca.js": "CONTENTS IGNORED IN SNAPSHOT TEST",
  "handlers-Home.render.js": "CONTENTS IGNORED IN SNAPSHOT TEST",
  "main-18b72d516acb4a510ccc.js": "CONTENTS IGNORED IN SNAPSHOT TEST",
  "production/au/details/:id/index.html": 
<!DOCTYPE html>
<html>
  <head>
    <meta charset="UTF-8">
    <title>
      hello-world
    </title>
    <meta name="viewport"
          content="width=device-width, initial-scale=1"
    >
    <link data-chunk="handlers-Details"
          rel="stylesheet"
          href="http://localhost:4004/handlers-Details-0e82719ea3ab71aafb06.css"
    >
    <link data-chunk="main"
          rel="preload"
          as="script"
          href="http://localhost:4004/runtime-92908dccb207abf49a7b.js"
          crossorigin="anonymous"
    >
    <link data-chunk="main"
          rel="preload"
          as="script"
          href="http://localhost:4004/vendors~main-06454d5d94717ad1d4f0.js"
          crossorigin="anonymous"
    >
    <link data-chunk="main"
          rel="preload"
          as="script"
          href="http://localhost:4004/main-18b72d516acb4a510ccc.js"
          crossorigin="anonymous"
    >
    <link data-chunk="handlers-Details"
          rel="preload"
          as="script"
          href="http://localhost:4004/handlers-Details-71e494876acf728e6771.js"
          crossorigin="anonymous"
    >
    <link data-chunk="AsyncComponent"
          rel="preload"
          as="script"
          href="http://localhost:4004/AsyncComponent-30506b11de8eab176614.js"
          crossorigin="anonymous"
    >
  </head>
  <body>
    <div id="app">
      <h1 class="_91MnZhe">
        Welcome to the Details page -
        au
        <span>
          Some special async content
        </span>
      </h1>
    </div>
    <script>
      window.__SKU_CLIENT_CONTEXT__ = {"site":"au"};
    </script>
    <script id="__LOADABLE_REQUIRED_CHUNKS__"
            type="application/json"
            crossorigin="anonymous"
    >
      [1,0]
    </script>
    <script async
            data-chunk="main"
            src="http://localhost:4004/runtime-92908dccb207abf49a7b.js"
            crossorigin="anonymous"
    >
    </script>
    <script async
            data-chunk="main"
            src="http://localhost:4004/vendors~main-06454d5d94717ad1d4f0.js"
            crossorigin="anonymous"
    >
    </script>
    <script async
            data-chunk="main"
            src="http://localhost:4004/main-18b72d516acb4a510ccc.js"
            crossorigin="anonymous"
    >
    </script>
    <script async
            data-chunk="handlers-Details"
            src="http://localhost:4004/handlers-Details-71e494876acf728e6771.js"
            crossorigin="anonymous"
    >
    </script>
    <script async
            data-chunk="AsyncComponent"
            src="http://localhost:4004/AsyncComponent-30506b11de8eab176614.js"
            crossorigin="anonymous"
    >
    </script>
  </body>
</html>
,
  "production/au/index.html": 
<!DOCTYPE html>
<html>
  <head>
    <meta charset="UTF-8">
    <title>
      hello-world
    </title>
    <meta name="viewport"
          content="width=device-width, initial-scale=1"
    >
    <link data-chunk="handlers-Home"
          rel="stylesheet"
          href="http://localhost:4004/handlers-Home-62bf94bf0fd2ba3c2aa2.css"
    >
    <link data-chunk="main"
          rel="preload"
          as="script"
          href="http://localhost:4004/runtime-92908dccb207abf49a7b.js"
          crossorigin="anonymous"
    >
    <link data-chunk="main"
          rel="preload"
          as="script"
          href="http://localhost:4004/vendors~main-06454d5d94717ad1d4f0.js"
          crossorigin="anonymous"
    >
    <link data-chunk="main"
          rel="preload"
          as="script"
          href="http://localhost:4004/main-18b72d516acb4a510ccc.js"
          crossorigin="anonymous"
    >
    <link data-chunk="handlers-Home"
          rel="preload"
          as="script"
          href="http://localhost:4004/handlers-Home-7c924ffe515bf8491cca.js"
          crossorigin="anonymous"
    >
  </head>
  <body>
    <div id="app">
      <h1 class="_1QX0Hyt">
        Welcome to the Home page -
        au
      </h1>
    </div>
    <script>
      window.__SKU_CLIENT_CONTEXT__ = {"site":"au"};
    </script>
    <script id="__LOADABLE_REQUIRED_CHUNKS__"
            type="application/json"
            crossorigin="anonymous"
    >
      [2]
    </script>
    <script async
            data-chunk="main"
            src="http://localhost:4004/runtime-92908dccb207abf49a7b.js"
            crossorigin="anonymous"
    >
    </script>
    <script async
            data-chunk="main"
            src="http://localhost:4004/vendors~main-06454d5d94717ad1d4f0.js"
            crossorigin="anonymous"
    >
    </script>
    <script async
            data-chunk="main"
            src="http://localhost:4004/main-18b72d516acb4a510ccc.js"
            crossorigin="anonymous"
    >
    </script>
    <script async
            data-chunk="handlers-Home"
            src="http://localhost:4004/handlers-Home-7c924ffe515bf8491cca.js"
            crossorigin="anonymous"
    >
    </script>
  </body>
</html>
,
  "production/nz/details/:id/index.html": 
<!DOCTYPE html>
<html>
  <head>
    <meta charset="UTF-8">
    <title>
      hello-world
    </title>
    <meta name="viewport"
          content="width=device-width, initial-scale=1"
    >
    <link data-chunk="handlers-Details"
          rel="stylesheet"
          href="http://localhost:4004/handlers-Details-0e82719ea3ab71aafb06.css"
    >
    <link data-chunk="main"
          rel="preload"
          as="script"
          href="http://localhost:4004/runtime-92908dccb207abf49a7b.js"
          crossorigin="anonymous"
    >
    <link data-chunk="main"
          rel="preload"
          as="script"
          href="http://localhost:4004/vendors~main-06454d5d94717ad1d4f0.js"
          crossorigin="anonymous"
    >
    <link data-chunk="main"
          rel="preload"
          as="script"
          href="http://localhost:4004/main-18b72d516acb4a510ccc.js"
          crossorigin="anonymous"
    >
    <link data-chunk="handlers-Details"
          rel="preload"
          as="script"
          href="http://localhost:4004/handlers-Details-71e494876acf728e6771.js"
          crossorigin="anonymous"
    >
    <link data-chunk="AsyncComponent"
          rel="preload"
          as="script"
          href="http://localhost:4004/AsyncComponent-30506b11de8eab176614.js"
          crossorigin="anonymous"
    >
  </head>
  <body>
    <div id="app">
      <h1 class="_91MnZhe">
        Welcome to the Details page -
        nz
        <span>
          Some special async content
        </span>
      </h1>
    </div>
    <script>
      window.__SKU_CLIENT_CONTEXT__ = {"site":"nz"};
    </script>
    <script id="__LOADABLE_REQUIRED_CHUNKS__"
            type="application/json"
            crossorigin="anonymous"
    >
      [1,0]
    </script>
    <script async
            data-chunk="main"
            src="http://localhost:4004/runtime-92908dccb207abf49a7b.js"
            crossorigin="anonymous"
    >
    </script>
    <script async
            data-chunk="main"
            src="http://localhost:4004/vendors~main-06454d5d94717ad1d4f0.js"
            crossorigin="anonymous"
    >
    </script>
    <script async
            data-chunk="main"
            src="http://localhost:4004/main-18b72d516acb4a510ccc.js"
            crossorigin="anonymous"
    >
    </script>
    <script async
            data-chunk="handlers-Details"
            src="http://localhost:4004/handlers-Details-71e494876acf728e6771.js"
            crossorigin="anonymous"
    >
    </script>
    <script async
            data-chunk="AsyncComponent"
            src="http://localhost:4004/AsyncComponent-30506b11de8eab176614.js"
            crossorigin="anonymous"
    >
    </script>
  </body>
</html>
,
  "production/nz/index.html": 
<!DOCTYPE html>
<html>
  <head>
    <meta charset="UTF-8">
    <title>
      hello-world
    </title>
    <meta name="viewport"
          content="width=device-width, initial-scale=1"
    >
    <link data-chunk="handlers-Home"
          rel="stylesheet"
          href="http://localhost:4004/handlers-Home-62bf94bf0fd2ba3c2aa2.css"
    >
    <link data-chunk="main"
          rel="preload"
          as="script"
          href="http://localhost:4004/runtime-92908dccb207abf49a7b.js"
          crossorigin="anonymous"
    >
    <link data-chunk="main"
          rel="preload"
          as="script"
          href="http://localhost:4004/vendors~main-06454d5d94717ad1d4f0.js"
          crossorigin="anonymous"
    >
    <link data-chunk="main"
          rel="preload"
          as="script"
          href="http://localhost:4004/main-18b72d516acb4a510ccc.js"
          crossorigin="anonymous"
    >
    <link data-chunk="handlers-Home"
          rel="preload"
          as="script"
          href="http://localhost:4004/handlers-Home-7c924ffe515bf8491cca.js"
          crossorigin="anonymous"
    >
  </head>
  <body>
    <div id="app">
      <h1 class="_1QX0Hyt">
        Welcome to the Home page -
        nz
      </h1>
    </div>
    <script>
      window.__SKU_CLIENT_CONTEXT__ = {"site":"nz"};
    </script>
    <script id="__LOADABLE_REQUIRED_CHUNKS__"
            type="application/json"
            crossorigin="anonymous"
    >
      [2]
    </script>
    <script async
            data-chunk="main"
            src="http://localhost:4004/runtime-92908dccb207abf49a7b.js"
            crossorigin="anonymous"
    >
    </script>
    <script async
            data-chunk="main"
            src="http://localhost:4004/vendors~main-06454d5d94717ad1d4f0.js"
            crossorigin="anonymous"
    >
    </script>
    <script async
            data-chunk="main"
            src="http://localhost:4004/main-18b72d516acb4a510ccc.js"
            crossorigin="anonymous"
    >
    </script>
    <script async
            data-chunk="handlers-Home"
            src="http://localhost:4004/handlers-Home-7c924ffe515bf8491cca.js"
            crossorigin="anonymous"
    >
    </script>
  </body>
</html>
,
  "runtime-92908dccb207abf49a7b.js": "CONTENTS IGNORED IN SNAPSHOT TEST",
  "vendors~main-06454d5d94717ad1d4f0.js": "CONTENTS IGNORED IN SNAPSHOT TEST",
}
`;

exports[`multiple-routes start should render details page correctly 1`] = `
SOURCE HTML: 
<!DOCTYPE html>
<html>
  <head>
    <meta charset="UTF-8">
    <title>
      hello-world
    </title>
    <meta name="viewport"
          content="width=device-width, initial-scale=1"
    >
    <link data-chunk="handlers-Details"
          rel="stylesheet"
          href="/handlers-Details.css"
    >
    <link data-chunk="main"
          rel="preload"
          as="script"
          href="/runtime.js"
    >
    <link data-chunk="main"
          rel="preload"
          as="script"
          href="/vendors~main.js"
    >
    <link data-chunk="main"
          rel="preload"
          as="script"
          href="/main.js"
    >
    <link data-chunk="handlers-Details"
          rel="preload"
          as="script"
          href="/handlers-Details.js"
    >
    <link data-chunk="AsyncComponent"
          rel="preload"
          as="script"
          href="/AsyncComponent.js"
    >
  </head>
  <body>
    <div id="app">
      <h1 class="Details__root___91MnZhe">
        Welcome to the Details page -
        au
        <span>
          Some special async content
        </span>
      </h1>
    </div>
    <script>
      window.__SKU_CLIENT_CONTEXT__ = {"site":"au"};
    </script>
    <script id="__LOADABLE_REQUIRED_CHUNKS__"
            type="application/json"
    >
      ["handlers-Details","AsyncComponent"]
    </script>
    <script async
            data-chunk="main"
            src="/runtime.js"
    >
    </script>
    <script async
            data-chunk="main"
            src="/vendors~main.js"
    >
    </script>
    <script async
            data-chunk="main"
            src="/main.js"
    >
    </script>
    <script async
            data-chunk="handlers-Details"
            src="/handlers-Details.js"
    >
    </script>
    <script async
            data-chunk="AsyncComponent"
            src="/AsyncComponent.js"
    >
    </script>
  </body>
</html>

POST HYDRATE DIFFS: 
     <div id="app">
       <h1 class="Details__root___91MnZhe">
         Welcome to the Details page -
-        au
+        auID: 123
         <span>
           Some special async content
         </span>

`;

exports[`multiple-routes start should render home page correctly 1`] = `
SOURCE HTML: 
<!DOCTYPE html>
<html>
  <head>
    <meta charset="UTF-8">
    <title>
      hello-world
    </title>
    <meta name="viewport"
          content="width=device-width, initial-scale=1"
    >
    <link data-chunk="handlers-Home"
          rel="stylesheet"
          href="/handlers-Home.css"
    >
    <link data-chunk="main"
          rel="preload"
          as="script"
          href="/runtime.js"
    >
    <link data-chunk="main"
          rel="preload"
          as="script"
          href="/vendors~main.js"
    >
    <link data-chunk="main"
          rel="preload"
          as="script"
          href="/main.js"
    >
    <link data-chunk="handlers-Home"
          rel="preload"
          as="script"
          href="/handlers-Home.js"
    >
  </head>
  <body>
    <div id="app">
      <h1 class="Home__root___1QX0Hyt">
        Welcome to the Home page -
        au
      </h1>
    </div>
    <script>
      window.__SKU_CLIENT_CONTEXT__ = {"site":"au"};
    </script>
    <script id="__LOADABLE_REQUIRED_CHUNKS__"
            type="application/json"
    >
      ["handlers-Home"]
    </script>
    <script async
            data-chunk="main"
            src="/runtime.js"
    >
    </script>
    <script async
            data-chunk="main"
            src="/vendors~main.js"
    >
    </script>
    <script async
            data-chunk="main"
            src="/main.js"
    >
    </script>
    <script async
            data-chunk="handlers-Home"
            src="/handlers-Home.js"
    >
    </script>
  </body>
</html>

POST HYDRATE DIFFS: NO DIFF
`;
