// Jest Snapshot v1, https://goo.gl/fbAQLP

exports[`seek-style-guide should generate the expected files 1`] = `
Object {
  "externals.json": "[
  \\"fs\\",
  \\"path\\",
  \\"react\\",
  \\"react-dom/server\\"
]",
  "index.html": 
<!DOCTYPE html>
<html>
  <head>
    <meta charset="UTF-8">
    <title>
      My Awesome Project
    </title>
    <meta name="viewport"
          content="width=device-width, initial-scale=1"
    >
    <link data-chunk="main"
          rel="stylesheet"
          href="/vendors~main-5faeb997faf2f4e6759a.css"
    >
    <link data-chunk="main"
          rel="preload"
          as="script"
          href="/runtime-e275110eb425d5765cc6.js"
    >
    <link data-chunk="main"
          rel="preload"
          as="script"
          href="/vendors~main-951a26a5293d1716cdaa.js"
    >
    <link data-chunk="main"
          rel="preload"
          as="script"
          href="/main-2dd547edc55490448b2e.js"
    >
  </head>
  <body>
    <div id="app">
      <div class="_20YbULa">
        <div class="Oxw3aoN">
          <h1>
            SEEK - Australia&#x27;s no. 1 jobs, employment, career and recruitment site
          </h1>
        </div>
        <div class>
          <div class="_3xxbHuF">
            <div class="GN6nQol">
              <span class="_31viNaz _2R8GxMH _3CnSGKb">
                <span class>
                  Hello world!
                </span>
              </span>
            </div>
          </div>
        </div>
      </div>
    </div>
    <script id="__LOADABLE_REQUIRED_CHUNKS__"
            type="application/json"
    >
      []
    </script>
    <script async
            data-chunk="main"
            src="/runtime-e275110eb425d5765cc6.js"
    >
    </script>
    <script async
            data-chunk="main"
            src="/vendors~main-951a26a5293d1716cdaa.js"
    >
    </script>
    <script async
            data-chunk="main"
            src="/main-2dd547edc55490448b2e.js"
    >
    </script>
  </body>
</html>
,
  "main-2dd547edc55490448b2e.js": "CONTENTS IGNORED IN SNAPSHOT TEST",
  "runtime-e275110eb425d5765cc6.js": "CONTENTS IGNORED IN SNAPSHOT TEST",
  "vendors~main-5faeb997faf2f4e6759a.css": a,
abbr,
acronym,
address,
applet,
article,
aside,
audio,
b,
big,
blockquote,
body,
canvas,
caption,
center,
cite,
code,
dd,
del,
details,
dfn,
div,
dl,
dt,
em,
embed,
fieldset,
figcaption,
figure,
footer,
form,
h1,
h2,
h3,
h4,
h5,
h6,
header,
hgroup,
html,
i,
iframe,
img,
ins,
kbd,
label,
legend,
li,
mark,
menu,
nav,
object,
ol,
output,
p,
pre,
q,
ruby,
s,
samp,
section,
small,
span,
strike,
strong,
sub,
summary,
sup,
table,
tbody,
td,
tfoot,
th,
thead,
time,
tr,
tt,
u,
ul,
var,
video {
  margin: 0;
  padding: 0;
  border: 0;
  font-size: 100%;
  font: inherit;
  vertical-align: baseline;
}
article,
aside,
details,
figcaption,
figure,
footer,
header,
hgroup,
menu,
nav,
section {
  display: block;
}
body {
  line-height: 1;
}
ol,
ul {
  list-style: none;
}
blockquote,
q {
  quotes: none;
}
blockquote:after,
blockquote:before,
q:after,
q:before {
  content: "";
  content: none;
}
table {
  border-collapse: collapse;
  border-spacing: 0;
}
mark {
  background-color: transparent;
  color: inherit;
}
html {
  min-height: 100%;
}
._20YbULa,
html {
  background-color: #eee;
}
._20YbULa {
  font-size: 10px;
  font-family: Roboto, Helvetica Neue, HelveticaNeue, Helvetica, Arial,
    sans-serif;
  -webkit-font-smoothing: antialiased;
  -moz-osx-font-smoothing: grayscale;
  color: #1c1c1c;
  box-sizing: border-box;
}
._20YbULa *,
._20YbULa :after,
._20YbULa :before {
  font-family: inherit;
  box-sizing: inherit;
  -webkit-tap-highlight-color: rgba(0, 0, 0, 0);
  -webkit-tap-highlight-color: transparent;
}
._20YbULa input[type="search"]::-webkit-search-decoration {
  -webkit-appearance: none;
}
._1hwCpFM {
  height: 100%;
}
.Oxw3aoN {
  position: absolute !important;
  clip: rect(1px, 1px, 1px, 1px);
  pointer-events: none;
}
._3xxbHuF {
  max-width: 940px;
  margin: 0 auto;
}
.GN6nQol {
  padding: 18px 20px;
}
@media only screen and (min-width: 740px) {
  .GN6nQol {
    padding-left: 25px;
    padding-right: 25px;
  }
}
.GN6nQol._2hJYZLX {
  margin: 0 -20px;
}
@media only screen and (min-width: 740px) {
  .GN6nQol._2hJYZLX {
    margin: 0 -25px;
  }
}
.GN6nQol._1oH2W9O {
  padding-top: 0;
  padding-bottom: 0;
}
.GN6nQol.X0FctiP {
  color: #169400;
}
.GN6nQol.X0FctiP.spD5Qro {
  background-color: #169400;
  color: #fff;
}
.GN6nQol.X0FctiP._1-j2JXv {
  background-color: #f3f9f2;
}
.GN6nQol.llTEFEA {
  color: #9556b7;
}
.GN6nQol.llTEFEA.spD5Qro {
  background-color: #9556b7;
  color: #fff;
}
.GN6nQol.llTEFEA._1-j2JXv {
  background-color: #f9f6fb;
}
.GN6nQol._2pnoIks {
  color: #e60278;
}
.GN6nQol._2pnoIks.spD5Qro,
.GN6nQol._2pnoIks._1-j2JXv {
  background-color: #fff;
  color: #e60278;
}
.GN6nQol._1cG8CyK {
  color: #404040;
}
.GN6nQol._1cG8CyK.spD5Qro,
.GN6nQol._1cG8CyK._1-j2JXv {
  background-color: #fbfbfb;
  color: #404040;
}
.soHOhTq {
  padding-top: 30px;
  padding-bottom: 30px;
}
@media only screen and (min-width: 740px) {
  .soHOhTq {
    padding-top: 42px;
    padding-bottom: 36px;
  }
}
._31viNaz {
  padding-bottom: 12px;
  display: block;
}
._31viNaz ._31viNaz {
  position: relative;
  outline: 2px solid red;
}
._31viNaz ._31viNaz:after {
  content: "ERROR: Multiple <Text> components nested";
  background: red;
  font-weight: 600;
  color: #fff;
  position: absolute;
  top: 0;
  right: 0;
  padding: 0 20px;
}
._2R8GxMH {
  padding-bottom: 6px;
}
@media only screen and (max-width: 739px) {
  ._2R8GxMH:not(._3CnSGKb) {
    font-size: 16px;
    line-height: 24px;
    font-weight: 400;
  }
}
@media only screen and (min-width: 740px) {
  ._2R8GxMH:not(._3CnSGKb) {
    font-size: 16px;
    line-height: 24px;
    font-weight: 400;
  }
}
@media only screen and (max-width: 739px) {
  ._2R8GxMH._3CnSGKb {
    font-size: 16px;
    line-height: 24px;
    -webkit-transform: translateY(0.41em);
    transform: translateY(0.41em);
    font-weight: 400;
  }
}
@media only screen and (min-width: 740px) {
  ._2R8GxMH._3CnSGKb {
    font-size: 16px;
    line-height: 24px;
    -webkit-transform: translateY(0.41em);
    transform: translateY(0.41em);
    font-weight: 400;
  }
}
.NoROQmc {
  padding-bottom: 6px;
}
@media only screen and (max-width: 739px) {
  .NoROQmc:not(._3CnSGKb) {
    font-size: 14px;
    line-height: 18px;
    font-weight: 400;
  }
}
@media only screen and (min-width: 740px) {
  .NoROQmc:not(._3CnSGKb) {
    font-size: 14px;
    line-height: 18px;
    font-weight: 400;
  }
}
@media only screen and (max-width: 739px) {
  .NoROQmc._3CnSGKb {
    font-size: 14px;
    line-height: 18px;
    -webkit-transform: translateY(0.30285714em);
    transform: translateY(0.30285714em);
    font-weight: 400;
  }
}
@media only screen and (min-width: 740px) {
  .NoROQmc._3CnSGKb {
    font-size: 14px;
    line-height: 18px;
    -webkit-transform: translateY(0.30285714em);
    transform: translateY(0.30285714em);
    font-weight: 400;
  }
}
._1gBZb9f {
  padding-bottom: 6px;
}
@media only screen and (max-width: 739px) {
  ._1gBZb9f:not(._3CnSGKb) {
    font-size: 18px;
    line-height: 30px;
    font-weight: 400;
  }
}
@media only screen and (min-width: 740px) {
  ._1gBZb9f:not(._3CnSGKb) {
    font-size: 18px;
    line-height: 30px;
    font-weight: 400;
  }
}
@media only screen and (max-width: 739px) {
  ._1gBZb9f._3CnSGKb {
    font-size: 18px;
    line-height: 30px;
    -webkit-transform: translateY(0.49333333em);
    transform: translateY(0.49333333em);
    font-weight: 400;
  }
}
@media only screen and (min-width: 740px) {
  ._1gBZb9f._3CnSGKb {
    font-size: 18px;
    line-height: 30px;
    -webkit-transform: translateY(0.49333333em);
    transform: translateY(0.49333333em);
    font-weight: 400;
  }
}
@media only screen and (max-width: 739px) {
  ._3X2sUcS:not(._3CnSGKb) {
    font-size: 18px;
    line-height: 24px;
    font-weight: 600;
  }
}
@media only screen and (min-width: 740px) {
  ._3X2sUcS:not(._3CnSGKb) {
    font-size: 18px;
    line-height: 24px;
    font-weight: 600;
  }
}
@media only screen and (max-width: 739px) {
  ._3X2sUcS._3CnSGKb {
    font-size: 18px;
    line-height: 24px;
    -webkit-transform: translateY(0.32666667em);
    transform: translateY(0.32666667em);
    font-weight: 600;
  }
}
@media only screen and (min-width: 740px) {
  ._3X2sUcS._3CnSGKb {
    font-size: 18px;
    line-height: 24px;
    -webkit-transform: translateY(0.32666667em);
    transform: translateY(0.32666667em);
    font-weight: 600;
  }
}
@media only screen and (max-width: 739px) {
  ._1iMwyee:not(._3CnSGKb) {
    font-size: 21px;
    line-height: 30px;
    font-weight: 600;
  }
}
@media only screen and (min-width: 740px) {
  ._1iMwyee:not(._3CnSGKb) {
    font-size: 28px;
    line-height: 36px;
    font-weight: 600;
  }
}
@media only screen and (max-width: 739px) {
  ._1iMwyee._3CnSGKb {
    font-size: 21px;
    line-height: 30px;
    -webkit-transform: translateY(0.37428571em);
    transform: translateY(0.37428571em);
    font-weight: 600;
  }
}
@media only screen and (min-width: 740px) {
  ._1iMwyee._3CnSGKb {
    font-size: 28px;
    line-height: 36px;
    -webkit-transform: translateY(0.30285714em);
    transform: translateY(0.30285714em);
    font-weight: 600;
  }
}
@media only screen and (max-width: 739px) {
  ._12x7M_H:not(._3CnSGKb) {
    font-size: 21px;
    line-height: 30px;
    font-weight: 600;
  }
}
@media only screen and (min-width: 740px) {
  ._12x7M_H:not(._3CnSGKb) {
    font-size: 22px;
    line-height: 30px;
    font-weight: 600;
  }
}
@media only screen and (max-width: 739px) {
  ._12x7M_H._3CnSGKb {
    font-size: 21px;
    line-height: 30px;
    -webkit-transform: translateY(0.37428571em);
    transform: translateY(0.37428571em);
    font-weight: 600;
  }
}
@media only screen and (min-width: 740px) {
  ._12x7M_H._3CnSGKb {
    font-size: 22px;
    line-height: 30px;
    -webkit-transform: translateY(0.34181818em);
    transform: translateY(0.34181818em);
    font-weight: 600;
  }
}
@media only screen and (max-width: 739px) {
  ._2gZSEA6:not(._3CnSGKb) {
    font-size: 21px;
    line-height: 30px;
    font-weight: 600;
  }
}
@media only screen and (min-width: 740px) {
  ._2gZSEA6:not(._3CnSGKb) {
    font-size: 42px;
    line-height: 48px;
    font-weight: 400;
  }
}
@media only screen and (max-width: 739px) {
  ._2gZSEA6._3CnSGKb {
    font-size: 21px;
    line-height: 30px;
    -webkit-transform: translateY(0.37428571em);
    transform: translateY(0.37428571em);
    font-weight: 600;
  }
}
@media only screen and (min-width: 740px) {
  ._2gZSEA6._3CnSGKb {
    font-size: 42px;
    line-height: 48px;
    -webkit-transform: translateY(0.23142857em);
    transform: translateY(0.23142857em);
    font-weight: 400;
  }
}
._3sPkVJ8 {
  font-weight: 300;
}
._3ScsQxm {
  padding-bottom: 0;
}
.JSGiS7B {
  display: list-item;
  list-style-type: disc;
  margin-left: 30px;
}
._24Qjjfm {
  color: #169400;
}
._1PaeMXM {
  color: #e60278;
}
._2fm-_V2 {
  color: #747474;
}
.sc2jJmq {
  border-radius: 2px;
  display: inline-block;
  margin: -2px;
  padding: 2px;
  background-color: rgba(30, 144, 255, 0.12);
}
._23NNZdd {
  color: #404040;
}
._3xZ2xhz {
  background-color: rgba(230, 2, 120, 0.12);
}
._29oJaV- {
  color: #9556b7;
}
._1lTs4d6 {
  font-weight: 600;
}
._33Weyvq {
  font-weight: 400;
}
,
  "vendors~main-951a26a5293d1716cdaa.js": "CONTENTS IGNORED IN SNAPSHOT TEST",
}
`;
